// Jest Snapshot v1, https://goo.gl/fbAQLP

exports[`TodoList Should be render correct 1`] = `
<div
  class="modal-mask show-task-modal"
>
  <div
    class="modal-wrapper"
  >
    <div
      class="modal-container"
    >
      <div
        class="modal-header"
      >
        <h2>
          Просмотр задачи
        </h2>
         
        <button
          class="modal-close-button close-show-task-btn"
        >
          
          X
        
        </button>
      </div>
       
      <div
        class="modal-body"
      >
        <div />
         
        <button
          class="check-task-btn done-task-btn"
        >
          Выполненно
        </button>
      </div>
       
      <div
        class="modal-body modal-body-task"
      />
    </div>
  </div>
</div>
`;
